// Jest Snapshot v1, https://goo.gl/fbAQLP

exports[`PermitsPage renders with a proper list of permits 1`] = `
<DocumentFragment>
  <div
    class="MuiBox-root MuiBox-root-5"
  >
    <div
      class="MuiContainer-root MuiContainer-maxWidthXl"
    >
      <div
        class="MuiBox-root MuiBox-root-6"
      >
        <h1
          class="MuiTypography-root MuiTypography-h1"
        >
          Permits
        </h1>
        <button
          class="MuiButtonBase-root MuiButton-root MuiButton-contained MuiButton-containedPrimary"
          tabindex="0"
          type="button"
        >
          <span
            class="MuiButton-label"
          >
            <span
              class="MuiButton-startIcon MuiButton-iconSizeMedium"
            >
              <svg
                role="presentation"
                style="width: 1.5rem; height: 1.5rem;"
                viewBox="0 0 24 24"
              >
                <path
                  d="M19,13H13V19H11V13H5V11H11V5H13V11H19V13Z"
                  style="fill: currentColor;"
                />
              </svg>
            </span>
            Create Non-Sampling Permits
          </span>
          <span
            class="MuiTouchRipple-root"
          />
        </button>
      </div>
      <div
        class="MuiPaper-root MuiPaper-elevation1 MuiPaper-rounded"
      >
        <div
          class="MuiBox-root MuiBox-root-7"
        >
          <h3
            class="MuiTypography-root MuiTypography-h4"
          >
            2 Permits found
          </h3>
        </div>
        <hr
          class="MuiDivider-root"
        />
        <div
          class="MuiTableContainer-root"
        >
          <table
            class="MuiTable-root"
          >
            <thead
              class="MuiTableHead-root"
            >
              <tr
                class="MuiTableRow-root MuiTableRow-head"
              >
                <th
                  class="MuiTableCell-root MuiTableCell-head"
                  scope="col"
                >
                  Number
                </th>
                <th
                  class="MuiTableCell-root MuiTableCell-head"
                  scope="col"
                >
                  Type
                </th>
                <th
                  class="MuiTableCell-root MuiTableCell-head"
                  scope="col"
                >
                  Contact Agency
                </th>
                <th
                  class="MuiTableCell-root MuiTableCell-head"
                  scope="col"
                >
                  Associated Project
                </th>
              </tr>
            </thead>
            <tbody
              class="MuiTableBody-root"
              data-testid="permit-table"
            >
              <tr
                class="MuiTableRow-root"
              >
                <th
                  class="MuiTableCell-root MuiTableCell-body"
                  role="cell"
                  scope="row"
                >
                  123
                </th>
                <td
                  class="MuiTableCell-root MuiTableCell-body"
                >
                  Wildlife
                </td>
                <td
                  class="MuiTableCell-root MuiTableCell-body"
                >
                  contact agency
                </td>
                <td
                  class="MuiTableCell-root MuiTableCell-body"
                >
                  Project 1
                </td>
              </tr>
              <tr
                class="MuiTableRow-root"
              >
                <th
                  class="MuiTableCell-root MuiTableCell-body"
                  role="cell"
                  scope="row"
                >
                  1234
                </th>
                <td
                  class="MuiTableCell-root MuiTableCell-body"
                >
                  Wildlife
                </td>
                <td
                  class="MuiTableCell-root MuiTableCell-body"
                >
                  contact agency 2
                </td>
                <td
                  class="MuiTableCell-root MuiTableCell-body"
                >
                  No Associated Project
                </td>
              </tr>
            </tbody>
          </table>
        </div>
      </div>
    </div>
  </div>
</DocumentFragment>
`;
