// Jest Snapshot v1, https://goo.gl/fbAQLP

exports[`FundingSource renders correctly 1`] = `
<DocumentFragment>
  <ul
    class="MuiList-root"
  >
    <li
      class="MuiListItem-root MuiListItem-divider"
    >
      <div
        class="MuiBox-root MuiBox-root-1"
      >
        <div
          class="MuiBox-root MuiBox-root-2"
        >
          <span
            class="MuiTypography-root MuiTypography-body1"
          >
            First Nations
          </span>
        </div>
        <dl
          class="MuiBox-root MuiBox-root-3"
        >
          <div
            class="MuiGrid-root MuiGrid-container MuiGrid-spacing-xs-1"
          >
            <div
              class="MuiGrid-root MuiGrid-item MuiGrid-grid-sm-6"
            >
              <dt
                class="MuiTypography-root MuiTypography-subtitle2 MuiTypography-colorTextSecondary"
              >
                Project ID
              </dt>
              <dd
                class="MuiTypography-root MuiTypography-body1"
              >
                Project ID
              </dd>
            </div>
            <div
              class="MuiGrid-root MuiGrid-item MuiGrid-grid-sm-6"
            >
              <dt
                class="MuiTypography-root MuiTypography-subtitle2 MuiTypography-colorTextSecondary"
              >
                Timeline
              </dt>
              <dd
                class="MuiTypography-root MuiTypography-body1"
              >
                Jan 1, 1900 - Jan 1, 2050
              </dd>
            </div>
            <div
              class="MuiGrid-root MuiGrid-item MuiGrid-grid-sm-12"
            />
          </div>
        </dl>
      </div>
    </li>
    <li
      class="MuiListItem-root MuiListItem-divider"
    >
      <div
        class="MuiBox-root MuiBox-root-4"
      >
        <div
          class="MuiBox-root MuiBox-root-5"
        >
          <span
            class="MuiTypography-root MuiTypography-body1"
          >
            Agency
          </span>
        </div>
        <dl
          class="MuiBox-root MuiBox-root-6"
        >
          <div
            class="MuiGrid-root MuiGrid-container MuiGrid-spacing-xs-1"
          >
            <div
              class="MuiGrid-root MuiGrid-item MuiGrid-grid-sm-6"
            >
              <dt
                class="MuiTypography-root MuiTypography-subtitle2 MuiTypography-colorTextSecondary"
              >
                Project ID
              </dt>
              <dd
                class="MuiTypography-root MuiTypography-body1"
              >
                1230
              </dd>
            </div>
            <div
              class="MuiGrid-root MuiGrid-item MuiGrid-grid-sm-6"
            >
              <dt
                class="MuiTypography-root MuiTypography-subtitle2 MuiTypography-colorTextSecondary"
              >
                Timeline
              </dt>
              <dd
                class="MuiTypography-root MuiTypography-body1"
              >
                Jan 1, 1900 - Feb 2, 1900
              </dd>
            </div>
            <div
              class="MuiGrid-root MuiGrid-item MuiGrid-grid-sm-12"
            >
              <dt
                class="MuiTypography-root MuiTypography-subtitle2 MuiTypography-colorTextSecondary"
              >
                Funding Amount
              </dt>
              <dd
                class="MuiTypography-root MuiTypography-body1"
              >
                $500
              </dd>
            </div>
          </div>
        </dl>
      </div>
    </li>
  </ul>
</DocumentFragment>
`;
