// Jest Snapshot v1, https://goo.gl/fbAQLP

exports[`PublicProjectObjectives renders correctly 1`] = `
<DocumentFragment>
  <div
    class="MuiBox-root MuiBox-root-1"
  >
    <div
      class="MuiBox-root MuiBox-root-2"
    >
      <h3
        class="MuiTypography-root MuiTypography-h3"
      >
        Objectives
      </h3>
    </div>
    <div
      class="MuiBox-root MuiBox-root-3"
    >
      <p
        class="MuiTypography-root MuiTypography-body1"
      >
        Et ad et in culpa si
      </p>
    </div>
  </div>
  <hr
    class="MuiDivider-root"
  />
  <div
    class="MuiBox-root MuiBox-root-4"
  >
    <div
      class="MuiBox-root MuiBox-root-5"
    >
      <h3
        class="MuiTypography-root MuiTypography-h3"
      >
        Caveats
      </h3>
    </div>
    <div
      class="MuiBox-root MuiBox-root-6"
    >
      <p
        class="MuiTypography-root MuiTypography-body1"
      >
        sjwer bds
      </p>
    </div>
  </div>
</DocumentFragment>
`;
