// Jest Snapshot v1, https://goo.gl/fbAQLP

exports[`PublicFundingSource renders correctly 1`] = `
<DocumentFragment>
  <header
    class="MuiBox-root MuiBox-root-1"
  >
    <h3
      class="MuiTypography-root MuiTypography-h3"
    >
      Funding Sources
    </h3>
  </header>
  <div
    class="MuiBox-root MuiBox-root-2"
  >
    <hr
      class="MuiDivider-root"
    />
    <div
      class="MuiBox-root MuiBox-root-3"
    >
      <h4
        class="MuiTypography-root MuiTypography-h4"
      >
        agency name
      </h4>
    </div>
    <dl>
      <div
        class="MuiGrid-root MuiGrid-container MuiGrid-spacing-xs-2"
      >
        <div
          class="MuiGrid-root MuiGrid-item MuiGrid-grid-xs-12 MuiGrid-grid-sm-6 MuiGrid-grid-md-4"
        >
          <dt
            class="MuiTypography-root MuiTypography-subtitle2 MuiTypography-colorTextSecondary"
          >
            Agency Project ID
          </dt>
          <dd
            class="MuiTypography-root MuiTypography-body1"
          >
            ABC123
          </dd>
        </div>
        <div
          class="MuiGrid-root MuiGrid-item MuiGrid-grid-xs-12 MuiGrid-grid-sm-6 MuiGrid-grid-md-4"
        >
          <dt
            class="MuiTypography-root MuiTypography-subtitle2 MuiTypography-colorTextSecondary"
          >
            Funding Amount
          </dt>
          <dd
            class="MuiTypography-root MuiTypography-body1"
          >
            $333
          </dd>
        </div>
        <div
          class="MuiGrid-root MuiGrid-item MuiGrid-grid-xs-12 MuiGrid-grid-sm-6 MuiGrid-grid-md-4"
        >
          <dt
            class="MuiTypography-root MuiTypography-subtitle2 MuiTypography-colorTextSecondary"
          >
            Funding Dates
          </dt>
          <dd
            class="MuiTypography-root MuiTypography-body1"
          >
            04/14/2000 - 04/13/2021
          </dd>
        </div>
        <div
          class="MuiGrid-root MuiGrid-item MuiGrid-grid-xs-12 MuiGrid-grid-sm-6 MuiGrid-grid-md-4"
        >
          <dt
            class="MuiTypography-root MuiTypography-subtitle2 MuiTypography-colorTextSecondary"
          >
            Investment Category
          </dt>
          <dd
            class="MuiTypography-root MuiTypography-body1"
          >
            investment action
          </dd>
        </div>
      </div>
    </dl>
  </div>
</DocumentFragment>
`;
