// Jest Snapshot v1, https://goo.gl/fbAQLP

exports[`PublicLocationBoundary renders correctly 1`] = `
<DocumentFragment>
  <div
    class="MuiBox-root MuiBox-root-1"
  >
    <div
      class="MuiBox-root MuiBox-root-2"
    >
      <h3
        class="MuiTypography-root MuiTypography-h3"
      >
        Project Location
      </h3>
    </div>
    <dl>
      <div
        class="MuiGrid-root MuiGrid-container MuiGrid-spacing-xs-2"
      >
        <div
          class="MuiGrid-root MuiGrid-item MuiGrid-grid-xs-12"
        >
          <dt
            class="MuiTypography-root MuiTypography-subtitle2 MuiTypography-colorTextSecondary"
          >
            Location Description
          </dt>
          <dd
            class="MuiTypography-root MuiTypography-body1"
          >
            Location description
          </dd>
        </div>
      </div>
    </dl>
    <div
      class="MuiBox-root MuiBox-root-3"
    >
      <div
        class="leaflet-container leaflet-grab leaflet-touch-drag"
        id="project_location_form_map"
        style="height: 100%; position: relative;"
        tabindex="0"
      >
        <div
          class="leaflet-pane leaflet-map-pane"
          style="left: 0px; top: 0px;"
        >
          <div
            class="leaflet-pane leaflet-tile-pane"
          >
            <div
              class="leaflet-layer "
              style="z-index: 1;"
            >
              <div
                class="leaflet-tile-container leaflet-zoom-animated"
                style="z-index: 18; left: 0px; top: 0px;"
              >
                <img
                  alt=""
                  class="leaflet-tile"
                  role="presentation"
                  src="https://maps.gov.bc.ca/arcgis/rest/services/province/roads_wm/MapServer/tile/5/10/4"
                  style="width: 256px; height: 256px; left: -159px; top: -31px;"
                />
              </div>
            </div>
          </div>
          <div
            class="leaflet-pane leaflet-shadow-pane"
          />
          <div
            class="leaflet-pane leaflet-overlay-pane"
          />
          <div
            class="leaflet-pane leaflet-marker-pane"
          />
          <div
            class="leaflet-pane leaflet-tooltip-pane"
          />
          <div
            class="leaflet-pane leaflet-popup-pane"
          />
        </div>
        <div
          class="leaflet-control-container"
        >
          <div
            class="leaflet-top leaflet-left"
          >
            <div
              class="leaflet-control-zoom leaflet-bar leaflet-control"
            >
              <a
                aria-label="Zoom in"
                class="leaflet-control-zoom-in"
                href="#"
                role="button"
                title="Zoom in"
              >
                +
              </a>
              <a
                aria-label="Zoom out"
                class="leaflet-control-zoom-out"
                href="#"
                role="button"
                title="Zoom out"
              >
                âˆ’
              </a>
            </div>
            <div
              class="leaflet-control-fullscreen leaflet-bar leaflet-control"
            >
              <a
                class="leaflet-control-fullscreen-button leaflet-bar-part"
                href="#"
                title="View Fullscreen"
              />
            </div>
          </div>
          <div
            class="leaflet-top leaflet-right"
          >
            <div
              class="leaflet-draw leaflet-control"
            />
            <div
              class="leaflet-draw leaflet-control"
            />
          </div>
          <div
            class="leaflet-bottom leaflet-left"
          />
          <div
            class="leaflet-bottom leaflet-right"
          >
            <div
              aria-haspopup="true"
              class="leaflet-control-layers leaflet-control"
            >
              <a
                class="leaflet-control-layers-toggle"
                href="#"
                title="Layers"
              />
              <section
                class="leaflet-control-layers-list"
              >
                <div
                  class="leaflet-control-layers-base"
                >
                  <label>
                    <div>
                      <input
                        checked="checked"
                        class="leaflet-control-layers-selector"
                        name="leaflet-base-layers_34"
                        type="radio"
                      />
                      <span>
                         BC Government
                      </span>
                    </div>
                  </label>
                  <label>
                    <div>
                      <input
                        class="leaflet-control-layers-selector"
                        name="leaflet-base-layers_34"
                        type="radio"
                      />
                      <span>
                         Esri Imagery
                      </span>
                    </div>
                  </label>
                </div>
                <div
                  class="leaflet-control-layers-separator"
                  style="display: none;"
                />
                <div
                  class="leaflet-control-layers-overlays"
                />
              </section>
            </div>
            <div
              class="leaflet-control-attribution leaflet-control"
            >
              <a
                href="https://leafletjs.com"
                title="A JS library for interactive maps"
              >
                Leaflet
              </a>
            </div>
          </div>
        </div>
      </div>
    </div>
    <div
      class="MuiBox-root MuiBox-root-4"
    />
    <div
      class="MuiBox-root MuiBox-root-5"
    />
    <div
      class="MuiBox-root MuiBox-root-6"
    />
  </div>
</DocumentFragment>
`;
