// Jest Snapshot v1, https://goo.gl/fbAQLP

exports[`PublicProjectDetails renders correctly 1`] = `
<DocumentFragment>
  <div
    class="MuiBox-root MuiBox-root-2"
  >
    <h2
      class="MuiTypography-root MuiTypography-h2"
    >
      Project Details
    </h2>
  </div>
  <div
    class="MuiPaper-root MuiBox-root MuiBox-root-3 MuiPaper-elevation1 MuiPaper-rounded"
  >
    <section
      class="MuiBox-root MuiBox-root-4 makeStyles-projectDetailsSection-1"
    >
      <div
        class="MuiBox-root MuiBox-root-5"
      >
        <div
          class="MuiBox-root MuiBox-root-6"
        >
          <h3
            class="MuiTypography-root MuiTypography-h3"
          >
            General Information
          </h3>
        </div>
        <dl>
          <div
            class="MuiGrid-root MuiGrid-container MuiGrid-spacing-xs-2"
          >
            <div
              class="MuiGrid-root MuiGrid-item MuiGrid-grid-xs-12 MuiGrid-grid-sm-6 MuiGrid-grid-md-4"
            >
              <dt
                class="MuiTypography-root MuiTypography-subtitle2 MuiTypography-colorTextSecondary"
              >
                Project Name
              </dt>
              <dd
                class="MuiTypography-root MuiTypography-body1"
              >
                Test Project Name
              </dd>
            </div>
            <div
              class="MuiGrid-root MuiGrid-item MuiGrid-grid-xs-12 MuiGrid-grid-sm-6 MuiGrid-grid-md-4"
            >
              <dt
                class="MuiTypography-root MuiTypography-subtitle2 MuiTypography-colorTextSecondary"
              >
                Project Type
              </dt>
              <dd
                class="MuiTypography-root MuiTypography-body1"
              >
                1
              </dd>
            </div>
            <div
              class="MuiGrid-root MuiGrid-item MuiGrid-grid-xs-12 MuiGrid-grid-sm-6 MuiGrid-grid-md-4"
            >
              <dt
                class="MuiTypography-root MuiTypography-subtitle2 MuiTypography-colorTextSecondary"
              >
                Timeline
              </dt>
              <dd
                class="MuiTypography-root MuiTypography-body1"
              >
                Oct 10, 1998 - Feb 26, 2021
              </dd>
            </div>
            <div
              class="MuiGrid-root MuiGrid-item MuiGrid-grid-xs-12 MuiGrid-grid-sm-6 MuiGrid-grid-md-4"
            >
              <dt
                class="MuiTypography-root MuiTypography-subtitle2 MuiTypography-colorTextSecondary"
              >
                Activities
              </dt>
              <dd
                class="MuiTypography-root MuiTypography-body1"
              >
                1
              </dd>
            </div>
          </div>
        </dl>
      </div>
    </section>
  </div>
  <div
    class="MuiPaper-root MuiBox-root MuiBox-root-7 MuiPaper-elevation1 MuiPaper-rounded"
  >
    <section
      class="MuiBox-root MuiBox-root-8 makeStyles-projectDetailsSection-1"
    >
      <div
        class="MuiBox-root MuiBox-root-9"
      >
        <div
          class="MuiBox-root MuiBox-root-10"
        >
          <h3
            class="MuiTypography-root MuiTypography-h3"
          >
            Objectives
          </h3>
        </div>
        <div
          class="MuiBox-root MuiBox-root-11"
        >
          <p
            class="MuiTypography-root MuiTypography-body1"
          >
            Et ad et in culpa si
          </p>
        </div>
      </div>
      <hr
        class="MuiDivider-root"
      />
      <div
        class="MuiBox-root MuiBox-root-12"
      >
        <div
          class="MuiBox-root MuiBox-root-13"
        >
          <h3
            class="MuiTypography-root MuiTypography-h3"
          >
            Caveats
          </h3>
        </div>
        <div
          class="MuiBox-root MuiBox-root-14"
        >
          <p
            class="MuiTypography-root MuiTypography-body1"
          >
            sjwer bds
          </p>
        </div>
      </div>
    </section>
  </div>
  <div
    class="MuiPaper-root MuiBox-root MuiBox-root-15 MuiPaper-elevation1 MuiPaper-rounded"
  >
    <section
      class="MuiBox-root MuiBox-root-16 makeStyles-projectDetailsSection-1"
    >
      <div
        class="MuiBox-root MuiBox-root-17"
      >
        <div
          class="MuiBox-root MuiBox-root-18"
        >
          <h3
            class="MuiTypography-root MuiTypography-h3"
          >
            Project Contact
          </h3>
        </div>
        <dl>
          <div
            class="MuiGrid-root MuiGrid-container MuiGrid-spacing-xs-2"
          >
            <div
              class="MuiGrid-root MuiGrid-item MuiGrid-grid-xs-12 MuiGrid-grid-sm-6 MuiGrid-grid-md-4"
            >
              <dt
                class="MuiTypography-root MuiTypography-subtitle2 MuiTypography-colorTextSecondary"
              >
                Name
              </dt>
              <dd
                class="MuiTypography-root MuiTypography-body1"
              >
                Amanda Christensen
              </dd>
            </div>
            <div
              class="MuiGrid-root MuiGrid-item MuiGrid-grid-xs-12 MuiGrid-grid-sm-6 MuiGrid-grid-md-4"
            >
              <dt
                class="MuiTypography-root MuiTypography-subtitle2 MuiTypography-colorTextSecondary"
              >
                Email Address
              </dt>
              <dd
                class="MuiTypography-root MuiTypography-body1"
              >
                amanda@christensen.com
              </dd>
            </div>
            <div
              class="MuiGrid-root MuiGrid-item MuiGrid-grid-xs-12 MuiGrid-grid-sm-6 MuiGrid-grid-md-4"
            >
              <dt
                class="MuiTypography-root MuiTypography-subtitle2 MuiTypography-colorTextSecondary"
              >
                Agency
              </dt>
              <dd
                class="MuiTypography-root MuiTypography-body1"
              >
                Amanda and associates
              </dd>
            </div>
          </div>
        </dl>
      </div>
    </section>
  </div>
  <div
    class="MuiPaper-root MuiBox-root MuiBox-root-19 MuiPaper-elevation1 MuiPaper-rounded"
  >
    <section
      class="MuiBox-root MuiBox-root-20 makeStyles-projectDetailsSection-1"
    >
      <div
        class="MuiBox-root MuiBox-root-24"
      >
        <div
          class="MuiBox-root MuiBox-root-25"
        >
          <h3
            class="MuiTypography-root MuiTypography-h3"
          >
            Project Permits
          </h3>
        </div>
        <div
          class="MuiTableContainer-root"
        >
          <table
            aria-label="permits-list-table"
            class="MuiTable-root makeStyles-table-21"
          >
            <thead
              class="MuiTableHead-root"
            >
              <tr
                class="MuiTableRow-root MuiTableRow-head"
              >
                <th
                  class="MuiTableCell-root MuiTableCell-head makeStyles-heading-22"
                  scope="col"
                >
                  Permit Number
                </th>
                <th
                  class="MuiTableCell-root MuiTableCell-head makeStyles-heading-22"
                  scope="col"
                >
                  Permit Type
                </th>
              </tr>
            </thead>
            <tbody
              class="MuiTableBody-root"
            >
              <tr
                class="MuiTableRow-root"
              >
                <th
                  class="MuiTableCell-root MuiTableCell-body"
                  role="cell"
                  scope="row"
                >
                  123
                </th>
                <th
                  class="MuiTableCell-root MuiTableCell-body"
                  role="cell"
                  scope="row"
                >
                  Permit type
                </th>
              </tr>
            </tbody>
          </table>
        </div>
      </div>
    </section>
  </div>
  <div
    class="MuiPaper-root MuiBox-root MuiBox-root-26 MuiPaper-elevation1 MuiPaper-rounded"
  >
    <section
      class="MuiBox-root MuiBox-root-27 makeStyles-projectDetailsSection-1"
    >
      <div
        class="MuiBox-root MuiBox-root-28"
      >
        <div
          class="MuiBox-root MuiBox-root-29"
        >
          <h3
            class="MuiTypography-root MuiTypography-h3"
          >
            Project Location
          </h3>
        </div>
        <dl>
          <div
            class="MuiGrid-root MuiGrid-container MuiGrid-spacing-xs-2"
          >
            <div
              class="MuiGrid-root MuiGrid-item MuiGrid-grid-xs-12"
            >
              <dt
                class="MuiTypography-root MuiTypography-subtitle2 MuiTypography-colorTextSecondary"
              >
                Location Description
              </dt>
              <dd
                class="MuiTypography-root MuiTypography-body1"
              >
                Location description
              </dd>
            </div>
          </div>
        </dl>
        <div
          class="MuiBox-root MuiBox-root-30"
        >
          <div
            class="leaflet-container leaflet-grab leaflet-touch-drag"
            id="project_location_form_map"
            style="height: 100%; position: relative;"
            tabindex="0"
          >
            <div
              class="leaflet-pane leaflet-map-pane"
              style="left: 0px; top: 0px;"
            >
              <div
                class="leaflet-pane leaflet-tile-pane"
              >
                <div
                  class="leaflet-layer "
                  style="z-index: 1;"
                >
                  <div
                    class="leaflet-tile-container leaflet-zoom-animated"
                    style="z-index: 18; left: 0px; top: 0px;"
                  >
                    <img
                      alt=""
                      class="leaflet-tile"
                      role="presentation"
                      src="https://maps.gov.bc.ca/arcgis/rest/services/province/roads_wm/MapServer/tile/5/10/4"
                      style="width: 256px; height: 256px; left: -159px; top: -31px;"
                    />
                  </div>
                </div>
              </div>
              <div
                class="leaflet-pane leaflet-shadow-pane"
              >
                <img
                  alt=""
                  class="leaflet-marker-shadow leaflet-zoom-hide"
                  src="marker-shadow.png"
                  style="margin-left: -12px; margin-top: -41px; width: 41px; height: 41px; left: 5771px; top: 1274px;"
                />
              </div>
              <div
                class="leaflet-pane leaflet-overlay-pane"
              />
              <div
                class="leaflet-pane leaflet-marker-pane"
              >
                <img
                  alt=""
                  class="leaflet-marker-icon leaflet-zoom-hide leaflet-interactive"
                  src="marker-icon.png"
                  style="margin-left: -12px; margin-top: -41px; width: 25px; height: 41px; left: 5771px; top: 1274px; z-index: 1274;"
                  tabindex="0"
                />
              </div>
              <div
                class="leaflet-pane leaflet-tooltip-pane"
              />
              <div
                class="leaflet-pane leaflet-popup-pane"
              />
            </div>
            <div
              class="leaflet-control-container"
            >
              <div
                class="leaflet-top leaflet-left"
              >
                <div
                  class="leaflet-control-zoom leaflet-bar leaflet-control"
                >
                  <a
                    aria-label="Zoom in"
                    class="leaflet-control-zoom-in"
                    href="#"
                    role="button"
                    title="Zoom in"
                  >
                    +
                  </a>
                  <a
                    aria-label="Zoom out"
                    class="leaflet-control-zoom-out"
                    href="#"
                    role="button"
                    title="Zoom out"
                  >
                    −
                  </a>
                </div>
                <div
                  class="leaflet-control-fullscreen leaflet-bar leaflet-control"
                >
                  <a
                    class="leaflet-control-fullscreen-button leaflet-bar-part"
                    href="#"
                    title="View Fullscreen"
                  />
                </div>
              </div>
              <div
                class="leaflet-top leaflet-right"
              >
                <div
                  class="leaflet-draw leaflet-control"
                />
                <div
                  class="leaflet-draw leaflet-control"
                />
              </div>
              <div
                class="leaflet-bottom leaflet-left"
              />
              <div
                class="leaflet-bottom leaflet-right"
              >
                <div
                  aria-haspopup="true"
                  class="leaflet-control-layers leaflet-control"
                >
                  <a
                    class="leaflet-control-layers-toggle"
                    href="#"
                    title="Layers"
                  />
                  <section
                    class="leaflet-control-layers-list"
                  >
                    <div
                      class="leaflet-control-layers-base"
                    >
                      <label>
                        <div>
                          <input
                            checked="checked"
                            class="leaflet-control-layers-selector"
                            name="leaflet-base-layers_37"
                            type="radio"
                          />
                          <span>
                             BC Government
                          </span>
                        </div>
                      </label>
                      <label>
                        <div>
                          <input
                            class="leaflet-control-layers-selector"
                            name="leaflet-base-layers_37"
                            type="radio"
                          />
                          <span>
                             Esri Imagery
                          </span>
                        </div>
                      </label>
                    </div>
                    <div
                      class="leaflet-control-layers-separator"
                      style="display: none;"
                    />
                    <div
                      class="leaflet-control-layers-overlays"
                    />
                  </section>
                </div>
                <div
                  class="leaflet-control-attribution leaflet-control"
                >
                  <a
                    href="https://leafletjs.com"
                    title="A JS library for interactive maps"
                  >
                    Leaflet
                  </a>
                </div>
              </div>
            </div>
          </div>
        </div>
        <div
          class="MuiBox-root MuiBox-root-31"
        />
        <div
          class="MuiBox-root MuiBox-root-32"
        />
        <div
          class="MuiBox-root MuiBox-root-33"
        />
      </div>
    </section>
  </div>
  <div
    class="MuiPaper-root MuiBox-root MuiBox-root-34 MuiPaper-elevation1 MuiPaper-rounded"
  >
    <section
      class="MuiBox-root MuiBox-root-35 makeStyles-projectDetailsSection-1"
    >
      <div
        class="MuiBox-root MuiBox-root-37"
      >
        <h3
          class="MuiTypography-root MuiTypography-h3"
        >
          IUCN Conservation Actions Classification
        </h3>
      </div>
      <ul
        class="MuiBox-root MuiBox-root-38 listNoBullets"
      >
        <li
          class="MuiBox-root MuiBox-root-39 makeStyles-iucnListItem-36"
        >
          <hr
            class="MuiDivider-root"
          />
          <div
            class="MuiBox-root MuiBox-root-40"
          >
            <span
              class="MuiTypography-root MuiTypography-body1"
            >
              classification 
              <span>
                &gt;
              </span>
               sub classification 1 
              <span>
                &gt;
              </span>
               sub classification 2
            </span>
          </div>
        </li>
        <li
          class="MuiBox-root MuiBox-root-41 makeStyles-iucnListItem-36"
        >
          <hr
            class="MuiDivider-root"
          />
          <div
            class="MuiBox-root MuiBox-root-42"
          >
            <span
              class="MuiTypography-root MuiTypography-body1"
            >
              classification again 
              <span>
                &gt;
              </span>
               sub classification 1 again 
              <span>
                &gt;
              </span>
               sub classification 2 again
            </span>
          </div>
        </li>
      </ul>
    </section>
  </div>
  <div
    class="MuiPaper-root MuiBox-root MuiBox-root-43 MuiPaper-elevation1 MuiPaper-rounded"
  >
    <section
      class="MuiBox-root MuiBox-root-44 makeStyles-projectDetailsSection-1"
    >
      <div
        class="MuiBox-root MuiBox-root-45"
      >
        <div
          class="MuiBox-root MuiBox-root-46"
        >
          <h3
            class="MuiTypography-root MuiTypography-h3"
          >
            Partnerships
          </h3>
        </div>
      </div>
      <dl
        class="ddInline"
      >
        <div
          class="MuiGrid-root MuiGrid-container MuiGrid-spacing-xs-2"
        >
          <div
            class="MuiGrid-root MuiGrid-item MuiGrid-grid-xs-12"
          >
            <dt
              class="MuiTypography-root MuiTypography-subtitle2 MuiTypography-colorTextSecondary"
            >
              Indigenous Partnerships
            </dt>
            <dd
              class="MuiTypography-root MuiTypography-body1"
            >
              partner 1
            </dd>
            <dd
              class="MuiTypography-root MuiTypography-body1"
            >
              partner 2
            </dd>
          </div>
          <div
            class="MuiGrid-root MuiGrid-item MuiGrid-grid-xs-12"
          >
            <dt
              class="MuiTypography-root MuiTypography-subtitle2 MuiTypography-colorTextSecondary"
            >
              Other Partnerships
            </dt>
            <dd
              class="MuiTypography-root MuiTypography-body1"
            >
              partner 3
            </dd>
            <dd
              class="MuiTypography-root MuiTypography-body1"
            >
              partner 4
            </dd>
          </div>
        </div>
      </dl>
    </section>
  </div>
  <div
    class="MuiPaper-root MuiBox-root MuiBox-root-47 MuiPaper-elevation1 MuiPaper-rounded"
  >
    <section
      class="MuiBox-root MuiBox-root-48 makeStyles-projectDetailsSection-1"
    >
      <header
        class="MuiBox-root MuiBox-root-49"
      >
        <h3
          class="MuiTypography-root MuiTypography-h3"
        >
          Funding Sources
        </h3>
      </header>
      <div
        class="MuiBox-root MuiBox-root-50"
      >
        <hr
          class="MuiDivider-root"
        />
        <div
          class="MuiBox-root MuiBox-root-51"
        >
          <h4
            class="MuiTypography-root MuiTypography-h4"
          >
            agency name
          </h4>
        </div>
        <dl>
          <div
            class="MuiGrid-root MuiGrid-container MuiGrid-spacing-xs-2"
          >
            <div
              class="MuiGrid-root MuiGrid-item MuiGrid-grid-xs-12 MuiGrid-grid-sm-6 MuiGrid-grid-md-4"
            >
              <dt
                class="MuiTypography-root MuiTypography-subtitle2 MuiTypography-colorTextSecondary"
              >
                Agency Project ID
              </dt>
              <dd
                class="MuiTypography-root MuiTypography-body1"
              >
                ABC123
              </dd>
            </div>
            <div
              class="MuiGrid-root MuiGrid-item MuiGrid-grid-xs-12 MuiGrid-grid-sm-6 MuiGrid-grid-md-4"
            >
              <dt
                class="MuiTypography-root MuiTypography-subtitle2 MuiTypography-colorTextSecondary"
              >
                Funding Amount
              </dt>
              <dd
                class="MuiTypography-root MuiTypography-body1"
              >
                $333
              </dd>
            </div>
            <div
              class="MuiGrid-root MuiGrid-item MuiGrid-grid-xs-12 MuiGrid-grid-sm-6 MuiGrid-grid-md-4"
            >
              <dt
                class="MuiTypography-root MuiTypography-subtitle2 MuiTypography-colorTextSecondary"
              >
                Funding Dates
              </dt>
              <dd
                class="MuiTypography-root MuiTypography-body1"
              >
                04/14/2000 - 04/13/2021
              </dd>
            </div>
            <div
              class="MuiGrid-root MuiGrid-item MuiGrid-grid-xs-12 MuiGrid-grid-sm-6 MuiGrid-grid-md-4"
            >
              <dt
                class="MuiTypography-root MuiTypography-subtitle2 MuiTypography-colorTextSecondary"
              >
                Investment Category
              </dt>
              <dd
                class="MuiTypography-root MuiTypography-body1"
              >
                investment action
              </dd>
            </div>
          </div>
        </dl>
      </div>
    </section>
  </div>
</DocumentFragment>
`;
