// Jest Snapshot v1, https://goo.gl/fbAQLP

exports[`FundingSource renders correctly 1`] = `
<DocumentFragment>
  <div
    class="MuiToolbar-root MuiToolbar-regular"
    style="justify-content: space-between;"
  >
    <h3
      class="MuiTypography-root MuiTypography-h3 MuiTypography-colorInherit"
    >
      Funding Sources
    </h3>
    <div
      class="MuiBox-root MuiBox-root-2"
    >
      <button
        aria-label="Add Funding Source"
        class="MuiButtonBase-root MuiButton-root MuiButton-text sectionHeaderButton MuiButton-textPrimary"
        data-testid="h3-button-toolbar-AddFundingSource"
        id="h3-button-toolbar-AddFundingSource"
        tabindex="0"
        title="Add Funding Source"
        type="button"
      >
        <span
          class="MuiButton-label"
        >
          <span
            class="MuiButton-startIcon MuiButton-iconSizeMedium"
          >
            <svg
              role="presentation"
              style="width: 1.3125rem; height: 1.3125rem;"
              viewBox="0 0 24 24"
            >
              <path
                d="M19,13H13V19H11V13H5V11H11V5H13V11H19V13Z"
                style="fill: currentColor;"
              />
            </svg>
          </span>
          <strong>
            Add Funding Source
          </strong>
        </span>
        <span
          class="MuiTouchRipple-root"
        />
      </button>
    </div>
  </div>
  <div
    class="MuiTableContainer-root"
  >
    <table
      class="MuiTable-root makeStyles-fundingSourceTable-1"
    >
      <thead
        class="MuiTableHead-root"
      >
        <tr
          class="MuiTableRow-root MuiTableRow-head"
        >
          <th
            class="MuiTableCell-root MuiTableCell-head"
            scope="col"
          >
            Agency
          </th>
          <th
            class="MuiTableCell-root MuiTableCell-head"
            scope="col"
            width="100px"
          >
            Project ID
          </th>
          <th
            class="MuiTableCell-root MuiTableCell-head"
            scope="col"
          >
            Amount
          </th>
          <th
            class="MuiTableCell-root MuiTableCell-head"
            scope="col"
          >
            Dates
          </th>
          <th
            class="MuiTableCell-root MuiTableCell-head MuiTableCell-alignCenter"
            scope="col"
            width="130px"
          >
            Actions
          </th>
        </tr>
      </thead>
      <tbody
        class="MuiTableBody-root"
      >
        <tr
          class="MuiTableRow-root"
        >
          <td
            class="MuiTableCell-root MuiTableCell-body"
          >
            agency name
            <em
              class="MuiTypography-root MuiTypography-body2"
            >
              Â (investment action)
            </em>
          </td>
          <td
            class="MuiTableCell-root MuiTableCell-body"
          >
            <p
              class="MuiTypography-root MuiTypography-body2 MuiTypography-noWrap"
            >
              ABC123
            </p>
          </td>
          <td
            class="MuiTableCell-root MuiTableCell-body"
          >
            $333
          </td>
          <td
            class="MuiTableCell-root MuiTableCell-body"
          >
            <p
              class="MuiTypography-root MuiTypography-body2 MuiTypography-noWrap"
            >
              Apr 14, 2000 - Apr 13, 2021
            </p>
          </td>
          <td
            class="MuiTableCell-root MuiTableCell-body MuiTableCell-alignCenter"
          >
            <button
              aria-label="Edit Funding Source"
              class="MuiButtonBase-root MuiIconButton-root"
              data-testid="edit-funding-source"
              tabindex="0"
              title="Edit Funding Source"
              type="button"
            >
              <span
                class="MuiIconButton-label"
              >
                <svg
                  role="presentation"
                  style="width: 1.3125rem; height: 1.3125rem;"
                  viewBox="0 0 24 24"
                >
                  <path
                    d="M14.06,9L15,9.94L5.92,19H5V18.08L14.06,9M17.66,3C17.41,3 17.15,3.1 16.96,3.29L15.13,5.12L18.88,8.87L20.71,7.04C21.1,6.65 21.1,6 20.71,5.63L18.37,3.29C18.17,3.09 17.92,3 17.66,3M14.06,6.19L3,17.25V21H6.75L17.81,9.94L14.06,6.19Z"
                    style="fill: currentColor;"
                  />
                </svg>
              </span>
              <span
                class="MuiTouchRipple-root"
              />
            </button>
            <button
              aria-label="Remove Funding Source"
              class="MuiButtonBase-root MuiIconButton-root"
              data-testid="delete-funding-source"
              tabindex="0"
              title="Remove Funding Source"
              type="button"
            >
              <span
                class="MuiIconButton-label"
              >
                <svg
                  role="presentation"
                  style="width: 1.3125rem; height: 1.3125rem;"
                  viewBox="0 0 24 24"
                >
                  <path
                    d="M9,3V4H4V6H5V19A2,2 0 0,0 7,21H17A2,2 0 0,0 19,19V6H20V4H15V3H9M7,6H17V19H7V6M9,8V17H11V8H9M13,8V17H15V8H13Z"
                    style="fill: currentColor;"
                  />
                </svg>
              </span>
              <span
                class="MuiTouchRipple-root"
              />
            </button>
          </td>
        </tr>
      </tbody>
    </table>
  </div>
</DocumentFragment>
`;
