// Jest Snapshot v1, https://goo.gl/fbAQLP

exports[`SurveyDetails renders correctly 1`] = `
<DocumentFragment>
  <div
    class="MuiBox-root MuiBox-root-2"
  >
    <h2
      class="MuiTypography-root MuiTypography-h2"
    >
      Survey Details
    </h2>
  </div>
  <div
    class="MuiPaper-root MuiBox-root MuiBox-root-3 MuiPaper-elevation1 MuiPaper-rounded"
  >
    <section
      class="MuiBox-root MuiBox-root-4 makeStyles-surveyDetailsSection-1"
    >
      <div
        class="MuiBox-root MuiBox-root-5"
      >
        <div
          class="MuiBox-root MuiBox-root-6"
        >
          <h3
            class="MuiTypography-root MuiTypography-h3"
          >
            General Information
          </h3>
          <button
            aria-label="Edit Survey General Information"
            class="MuiButtonBase-root MuiButton-root MuiButton-text sectionHeaderButton MuiButton-textPrimary"
            tabindex="0"
            title="Edit Survey General Information"
            type="button"
          >
            <span
              class="MuiButton-label"
            >
              <span
                class="MuiButton-startIcon MuiButton-iconSizeMedium"
              >
                <svg
                  role="presentation"
                  style="width: 1.3125rem; height: 1.3125rem;"
                  viewBox="0 0 24 24"
                >
                  <path
                    d="M14.06,9L15,9.94L5.92,19H5V18.08L14.06,9M17.66,3C17.41,3 17.15,3.1 16.96,3.29L15.13,5.12L18.88,8.87L20.71,7.04C21.1,6.65 21.1,6 20.71,5.63L18.37,3.29C18.17,3.09 17.92,3 17.66,3M14.06,6.19L3,17.25V21H6.75L17.81,9.94L14.06,6.19Z"
                    style="fill: currentColor;"
                  />
                </svg>
              </span>
              Edit
            </span>
            <span
              class="MuiTouchRipple-root"
            />
          </button>
        </div>
        <dl>
          <div
            class="MuiGrid-root MuiGrid-container MuiGrid-spacing-xs-2"
          >
            <div
              class="MuiGrid-root MuiGrid-item MuiGrid-grid-xs-12 MuiGrid-grid-sm-6 MuiGrid-grid-md-4"
            >
              <dt
                class="MuiTypography-root MuiTypography-subtitle2 MuiTypography-colorTextSecondary"
              >
                Survey Name
              </dt>
              <dd
                class="MuiTypography-root MuiTypography-body1"
              >
                survey name
              </dd>
            </div>
            <div
              class="MuiGrid-root MuiGrid-item MuiGrid-grid-xs-12 MuiGrid-grid-sm-6 MuiGrid-grid-md-4"
            >
              <dt
                class="MuiTypography-root MuiTypography-subtitle2 MuiTypography-colorTextSecondary"
              >
                Survey Timeline
              </dt>
              <dd
                class="MuiTypography-root MuiTypography-body1"
              >
                October 10, 1998 - February 26, 2021
              </dd>
            </div>
            <div
              class="MuiGrid-root MuiGrid-item MuiGrid-grid-xs-12 MuiGrid-grid-sm-6 MuiGrid-grid-md-4"
            >
              <dt
                class="MuiTypography-root MuiTypography-subtitle2 MuiTypography-colorTextSecondary"
              >
                Survey Lead
              </dt>
              <dd
                class="MuiTypography-root MuiTypography-body1"
              >
                first last
              </dd>
            </div>
            <div
              class="MuiGrid-root MuiGrid-item MuiGrid-grid-xs-12 MuiGrid-grid-sm-6 MuiGrid-grid-md-4"
            >
              <dt
                class="MuiTypography-root MuiTypography-subtitle2 MuiTypography-colorTextSecondary"
              >
                Focal Species
              </dt>
              <dd
                class="MuiTypography-root MuiTypography-body1"
              >
                focal species 1
              </dd>
            </div>
            <div
              class="MuiGrid-root MuiGrid-item MuiGrid-grid-xs-12 MuiGrid-grid-sm-6 MuiGrid-grid-md-4"
            >
              <dt
                class="MuiTypography-root MuiTypography-subtitle2 MuiTypography-colorTextSecondary"
              >
                Anciliary Species
              </dt>
              <dd
                class="MuiTypography-root MuiTypography-body1"
              >
                ancillary species 1
              </dd>
            </div>
            <div
              class="MuiGrid-root MuiGrid-item MuiGrid-grid-xs-12 MuiGrid-grid-sm-6 MuiGrid-grid-md-4"
            >
              <dt
                class="MuiTypography-root MuiTypography-subtitle2 MuiTypography-colorTextSecondary"
              >
                Survey Methodology
              </dt>
              <dd
                class="MuiTypography-root MuiTypography-body1"
              >
                method
              </dd>
            </div>
            <div
              class="MuiGrid-root MuiGrid-item MuiGrid-grid-xs-12 MuiGrid-grid-sm-6 MuiGrid-grid-md-4"
            >
              <dt
                class="MuiTypography-root MuiTypography-subtitle2 MuiTypography-colorTextSecondary"
              >
                Permit
              </dt>
              <dd
                class="MuiTypography-root MuiTypography-body1"
              >
                123 - Scientific
              </dd>
            </div>
            <div
              class="MuiGrid-root MuiGrid-item MuiGrid-grid-xs-12 MuiGrid-grid-sm-6 MuiGrid-grid-md-4"
            >
              <dt
                class="MuiTypography-root MuiTypography-subtitle2 MuiTypography-colorTextSecondary"
              >
                Funding Sources
              </dt>
              <dd
                class="MuiTypography-root MuiTypography-body1"
              >
                Funding Agency Blah | $ 100 | April 09, 2000 - May 10, 2000
              </dd>
            </div>
          </div>
          <div
            class="MuiGrid-root MuiGrid-container MuiGrid-spacing-xs-2"
          >
            <div
              class="MuiGrid-root MuiGrid-item"
            >
              <div
                class="MuiBox-root MuiBox-root-7"
              >
                <div
                  class="MuiBox-root MuiBox-root-8"
                >
                  <dt
                    class="MuiTypography-root MuiTypography-subtitle2 MuiTypography-colorTextSecondary"
                  >
                    Purpose
                  </dt>
                </div>
                <p
                  class="MuiTypography-root MuiTypography-body1"
                >
                  survey purpose
                </p>
              </div>
            </div>
          </div>
        </dl>
      </div>
    </section>
  </div>
  <div
    class="MuiPaper-root MuiBox-root MuiBox-root-9 MuiPaper-elevation1 MuiPaper-rounded"
  >
    <section
      class="MuiBox-root MuiBox-root-10 makeStyles-surveyDetailsSection-1"
    >
      <div
        class="MuiBox-root MuiBox-root-11"
      >
        <div
          class="MuiBox-root MuiBox-root-12"
        >
          <h3
            class="MuiTypography-root MuiTypography-h3"
          >
            Study Area
          </h3>
          <button
            aria-label="Edit Study Area"
            class="MuiButtonBase-root MuiButton-root MuiButton-text sectionHeaderButton MuiButton-textPrimary"
            tabindex="0"
            title="Edit Study Area"
            type="button"
          >
            <span
              class="MuiButton-label"
            >
              <span
                class="MuiButton-startIcon MuiButton-iconSizeMedium"
              >
                <svg
                  role="presentation"
                  style="width: 1.3125rem; height: 1.3125rem;"
                  viewBox="0 0 24 24"
                >
                  <path
                    d="M14.06,9L15,9.94L5.92,19H5V18.08L14.06,9M17.66,3C17.41,3 17.15,3.1 16.96,3.29L15.13,5.12L18.88,8.87L20.71,7.04C21.1,6.65 21.1,6 20.71,5.63L18.37,3.29C18.17,3.09 17.92,3 17.66,3M14.06,6.19L3,17.25V21H6.75L17.81,9.94L14.06,6.19Z"
                    style="fill: currentColor;"
                  />
                </svg>
              </span>
              Edit
            </span>
            <span
              class="MuiTouchRipple-root"
            />
          </button>
        </div>
        <dl>
          <div
            class="MuiGrid-root MuiGrid-container MuiGrid-spacing-xs-2"
          >
            <div
              class="MuiGrid-root MuiGrid-item MuiGrid-grid-xs-12"
            >
              <dt
                class="MuiTypography-root MuiTypography-subtitle2 MuiTypography-colorTextSecondary"
              >
                Survey Area Name
              </dt>
              <dd
                class="MuiTypography-root MuiTypography-body1"
              >
                study area
              </dd>
            </div>
          </div>
        </dl>
        <div
          class="MuiBox-root MuiBox-root-13"
        >
          <div
            class="leaflet-container leaflet-grab leaflet-touch-drag"
            id="survey_study_area_map"
            style="height: 100%; position: relative;"
            tabindex="0"
          >
            <div
              class="leaflet-pane leaflet-map-pane"
              style="left: 0px; top: 0px;"
            >
              <div
                class="leaflet-pane leaflet-tile-pane"
              >
                <div
                  class="leaflet-layer "
                  style="z-index: 1;"
                >
                  <div
                    class="leaflet-tile-container leaflet-zoom-animated"
                    style="z-index: 18; left: 0px; top: 0px;"
                  >
                    <img
                      alt=""
                      class="leaflet-tile"
                      role="presentation"
                      src="https://maps.gov.bc.ca/arcgis/rest/services/province/roads_wm/MapServer/tile/0/0/0"
                      style="width: 256px; height: 256px; left: -38px; top: -79px;"
                    />
                  </div>
                </div>
              </div>
              <div
                class="leaflet-pane leaflet-shadow-pane"
              />
              <div
                class="leaflet-pane leaflet-overlay-pane"
              >
                <svg
                  height="0"
                  pointer-events="none"
                  style="left: 0px; top: 0px;"
                  viewBox="0 0 0 0"
                  width="0"
                >
                  <g>
                    <path
                      class="leaflet-interactive"
                      d="M-1 2L0 -2z"
                      fill="#3388ff"
                      fill-opacity="0.2"
                      fill-rule="evenodd"
                      stroke="#3388ff"
                      stroke-linecap="round"
                      stroke-linejoin="round"
                      stroke-opacity="1"
                      stroke-width="3"
                    />
                  </g>
                </svg>
              </div>
              <div
                class="leaflet-pane leaflet-marker-pane"
              />
              <div
                class="leaflet-pane leaflet-tooltip-pane"
              />
              <div
                class="leaflet-pane leaflet-popup-pane"
              />
            </div>
            <div
              class="leaflet-control-container"
            >
              <div
                class="leaflet-top leaflet-left"
              >
                <div
                  class="leaflet-control-zoom leaflet-bar leaflet-control"
                >
                  <a
                    aria-label="Zoom in"
                    class="leaflet-control-zoom-in"
                    href="#"
                    role="button"
                    title="Zoom in"
                  >
                    +
                  </a>
                  <a
                    aria-label="Zoom out"
                    class="leaflet-control-zoom-out leaflet-disabled"
                    href="#"
                    role="button"
                    title="Zoom out"
                  >
                    −
                  </a>
                </div>
                <div
                  class="leaflet-control-fullscreen leaflet-bar leaflet-control"
                >
                  <a
                    class="leaflet-control-fullscreen-button leaflet-bar-part"
                    href="#"
                    title="View Fullscreen"
                  />
                </div>
              </div>
              <div
                class="leaflet-top leaflet-right"
              >
                <div
                  class="leaflet-draw leaflet-control"
                />
                <div
                  class="leaflet-draw leaflet-control"
                />
              </div>
              <div
                class="leaflet-bottom leaflet-left"
              />
              <div
                class="leaflet-bottom leaflet-right"
              >
                <div
                  aria-haspopup="true"
                  class="leaflet-control-layers leaflet-control"
                >
                  <a
                    class="leaflet-control-layers-toggle"
                    href="#"
                    title="Layers"
                  />
                  <section
                    class="leaflet-control-layers-list"
                  >
                    <div
                      class="leaflet-control-layers-base"
                    >
                      <label>
                        <div>
                          <input
                            checked="checked"
                            class="leaflet-control-layers-selector"
                            name="leaflet-base-layers_36"
                            type="radio"
                          />
                          <span>
                             BC Government
                          </span>
                        </div>
                      </label>
                      <label>
                        <div>
                          <input
                            class="leaflet-control-layers-selector"
                            name="leaflet-base-layers_36"
                            type="radio"
                          />
                          <span>
                             Esri Imagery
                          </span>
                        </div>
                      </label>
                    </div>
                    <div
                      class="leaflet-control-layers-separator"
                      style="display: none;"
                    />
                    <div
                      class="leaflet-control-layers-overlays"
                    />
                  </section>
                </div>
                <div
                  class="leaflet-control-attribution leaflet-control"
                >
                  <a
                    href="https://leafletjs.com"
                    title="A JS library for interactive maps"
                  >
                    Leaflet
                  </a>
                </div>
              </div>
            </div>
          </div>
        </div>
        <div
          class="MuiGrid-root MuiGrid-container MuiGrid-spacing-xs-2"
        >
          <div
            class="MuiGrid-root MuiGrid-item MuiGrid-grid-xs-6"
          />
          <div
            class="MuiGrid-root MuiGrid-item MuiGrid-grid-xs-6"
          />
          <div
            class="MuiGrid-root MuiGrid-item MuiGrid-grid-xs-6"
          />
          <div
            class="MuiGrid-root MuiGrid-item MuiGrid-grid-xs-6"
          />
        </div>
      </div>
    </section>
  </div>
  <div
    class="MuiPaper-root MuiBox-root MuiBox-root-14 MuiPaper-elevation1 MuiPaper-rounded"
  >
    <section
      class="MuiBox-root MuiBox-root-15 makeStyles-surveyDetailsSection-1"
    >
      <div
        class="MuiBox-root MuiBox-root-16"
      >
        <div
          class="MuiBox-root MuiBox-root-17"
        >
          <h3
            class="MuiTypography-root MuiTypography-h3"
          >
            Proprietary Data
          </h3>
          <button
            aria-label="Edit Proprietary Data"
            class="MuiButtonBase-root MuiButton-root MuiButton-text sectionHeaderButton MuiButton-textPrimary"
            tabindex="0"
            title="Edit Proprietary Data"
            type="button"
          >
            <span
              class="MuiButton-label"
            >
              <span
                class="MuiButton-startIcon MuiButton-iconSizeMedium"
              >
                <svg
                  role="presentation"
                  style="width: 1.3125rem; height: 1.3125rem;"
                  viewBox="0 0 24 24"
                >
                  <path
                    d="M14.06,9L15,9.94L5.92,19H5V18.08L14.06,9M17.66,3C17.41,3 17.15,3.1 16.96,3.29L15.13,5.12L18.88,8.87L20.71,7.04C21.1,6.65 21.1,6 20.71,5.63L18.37,3.29C18.17,3.09 17.92,3 17.66,3M14.06,6.19L3,17.25V21H6.75L17.81,9.94L14.06,6.19Z"
                    style="fill: currentColor;"
                  />
                </svg>
              </span>
              Edit
            </span>
            <span
              class="MuiTouchRipple-root"
            />
          </button>
        </div>
        <dl>
          <div
            class="MuiGrid-root MuiGrid-container MuiGrid-spacing-xs-2"
          >
            <div
              class="MuiGrid-root MuiGrid-item MuiGrid-grid-xs-12 MuiGrid-grid-sm-6 MuiGrid-grid-md-4"
            >
              <dt
                class="MuiTypography-root MuiTypography-subtitle2 MuiTypography-colorTextSecondary"
              >
                Proprietary Data Category
              </dt>
              <dd
                class="MuiTypography-root MuiTypography-body1"
              >
                proprietor type
              </dd>
            </div>
            <div
              class="MuiGrid-root MuiGrid-item MuiGrid-grid-xs-12 MuiGrid-grid-sm-6 MuiGrid-grid-md-4"
            >
              <dt
                class="MuiTypography-root MuiTypography-subtitle2 MuiTypography-colorTextSecondary"
              >
                Proprietor Name
              </dt>
              <dd
                class="MuiTypography-root MuiTypography-body1"
              >
                prop name
              </dd>
            </div>
            <div
              class="MuiGrid-root MuiGrid-item MuiGrid-grid-xs-12 MuiGrid-grid-sm-6 MuiGrid-grid-md-4"
            >
              <dt
                class="MuiTypography-root MuiTypography-subtitle2 MuiTypography-colorTextSecondary"
              >
                Data and Information Sharing Agreement Required
              </dt>
              <dd
                class="MuiTypography-root MuiTypography-body1"
              >
                Yes
              </dd>
            </div>
            <div
              class="MuiGrid-root MuiGrid-item"
            >
              <div
                class="MuiBox-root MuiBox-root-18"
              >
                <div
                  class="MuiBox-root MuiBox-root-19"
                >
                  <dt
                    class="MuiTypography-root MuiTypography-subtitle2 MuiTypography-colorTextSecondary"
                  >
                    Category Rationale
                  </dt>
                </div>
                <p
                  class="MuiTypography-root MuiTypography-body1"
                  style="word-break: break-all;"
                >
                  rationale
                </p>
              </div>
            </div>
          </div>
        </dl>
      </div>
    </section>
  </div>
</DocumentFragment>
`;
