// Jest Snapshot v1, https://goo.gl/fbAQLP

exports[`SurveyProprietaryData renders correctly 1`] = `
<DocumentFragment>
  <div
    class="MuiBox-root MuiBox-root-1"
  >
    <div
      class="MuiToolbar-root MuiToolbar-regular"
      style="justify-content: space-between;"
    >
      <h3
        class="MuiTypography-root MuiTypography-h3 MuiTypography-colorInherit"
      >
        Proprietary Data
      </h3>
      <div
        class="MuiBox-root MuiBox-root-2"
      >
        <button
          aria-label="Edit Survey Proprietor"
          class="MuiButtonBase-root MuiButton-root MuiButton-text sectionHeaderButton MuiButton-textPrimary"
          data-testid="h3-button-toolbar-Edit"
          id="h3-button-toolbar-Edit"
          tabindex="0"
          title="Edit Survey Proprietor"
          type="button"
        >
          <span
            class="MuiButton-label"
          >
            <span
              class="MuiButton-startIcon MuiButton-iconSizeMedium"
            >
              <svg
                role="presentation"
                style="width: 1.3125rem; height: 1.3125rem;"
                viewBox="0 0 24 24"
              >
                <path
                  d="M14.06,9L15,9.94L5.92,19H5V18.08L14.06,9M17.66,3C17.41,3 17.15,3.1 16.96,3.29L15.13,5.12L18.88,8.87L20.71,7.04C21.1,6.65 21.1,6 20.71,5.63L18.37,3.29C18.17,3.09 17.92,3 17.66,3M14.06,6.19L3,17.25V21H6.75L17.81,9.94L14.06,6.19Z"
                  style="fill: currentColor;"
                />
              </svg>
            </span>
            <strong>
              Edit
            </strong>
          </span>
          <span
            class="MuiTouchRipple-root"
          />
        </button>
      </div>
    </div>
    <hr
      class="MuiDivider-root"
    />
    <dl>
      <div
        class="MuiGrid-root MuiGrid-container MuiGrid-spacing-xs-2"
      >
        <div
          class="MuiGrid-root MuiGrid-item MuiGrid-grid-xs-12 MuiGrid-grid-sm-6 MuiGrid-grid-md-4"
        >
          <dt
            class="MuiTypography-root MuiTypography-subtitle2 MuiTypography-colorTextSecondary"
          >
            Proprietary Data Category
          </dt>
          <dd
            class="MuiTypography-root MuiTypography-body1"
          >
            proprietor type
          </dd>
        </div>
        <div
          class="MuiGrid-root MuiGrid-item MuiGrid-grid-xs-12 MuiGrid-grid-sm-6 MuiGrid-grid-md-4"
        >
          <dt
            class="MuiTypography-root MuiTypography-subtitle2 MuiTypography-colorTextSecondary"
          >
            Proprietor Name
          </dt>
          <dd
            class="MuiTypography-root MuiTypography-body1"
          >
            prop name
          </dd>
        </div>
        <div
          class="MuiGrid-root MuiGrid-item MuiGrid-grid-xs-12 MuiGrid-grid-sm-6 MuiGrid-grid-md-4"
        >
          <dt
            class="MuiTypography-root MuiTypography-subtitle2 MuiTypography-colorTextSecondary"
          >
            Data and Information Sharing Agreement Required
          </dt>
          <dd
            class="MuiTypography-root MuiTypography-body1"
          >
            Yes
          </dd>
        </div>
        <div
          class="MuiGrid-root MuiGrid-item"
        >
          <div
            class="MuiBox-root MuiBox-root-3"
          >
            <div
              class="MuiBox-root MuiBox-root-4"
            >
              <dt
                class="MuiTypography-root MuiTypography-subtitle2 MuiTypography-colorTextSecondary"
              >
                Category Rationale
              </dt>
            </div>
            <p
              class="MuiTypography-root MuiTypography-body1"
              style="word-break: break-all;"
            >
              rationale
            </p>
          </div>
        </div>
      </div>
    </dl>
  </div>
</DocumentFragment>
`;
