// Jest Snapshot v1, https://goo.gl/fbAQLP

exports[`CreateProjectPage renders the initial default page correctly 1`] = `
<DocumentFragment>
  <div
    class="MuiBox-root MuiBox-root-10"
  >
    <div
      class="MuiContainer-root MuiContainer-maxWidthXl"
    >
      <div
        class="MuiBox-root MuiBox-root-11"
      >
        <nav
          class="MuiTypography-root MuiBreadcrumbs-root MuiTypography-body1 MuiTypography-colorTextSecondary"
        >
          <ol
            class="MuiBreadcrumbs-ol"
          >
            <li
              class="MuiBreadcrumbs-li"
            >
              <a
                aria-current="page"
                class="MuiTypography-root MuiLink-root MuiLink-underlineHover makeStyles-breadCrumbLink-2 MuiTypography-colorPrimary"
              >
                <svg
                  aria-hidden="true"
                  class="MuiSvgIcon-root makeStyles-breadCrumbLinkIcon-3 MuiSvgIcon-colorPrimary MuiSvgIcon-fontSizeSmall"
                  focusable="false"
                  viewBox="0 0 24 24"
                >
                  <path
                    d="M20 11H7.83l5.59-5.59L12 4l-8 8 8 8 1.41-1.41L7.83 13H20v-2z"
                  />
                </svg>
                <p
                  class="MuiTypography-root MuiTypography-body2"
                >
                  Cancel and Exit
                </p>
              </a>
            </li>
          </ol>
        </nav>
      </div>
      <div
        class="MuiBox-root MuiBox-root-12"
      >
        <h1
          class="MuiTypography-root MuiTypography-h1"
        >
          Create Project
        </h1>
        <button
          class="MuiButtonBase-root MuiButton-root MuiButton-outlined makeStyles-actionButton-1 MuiButton-outlinedPrimary"
          tabindex="0"
          type="button"
        >
          <span
            class="MuiButton-label"
          >
            Save as Draft and Exit
          </span>
          <span
            class="MuiTouchRipple-root"
          />
        </button>
      </div>
      <div
        class="MuiBox-root MuiBox-root-13"
      >
        <div
          class="MuiBox-root MuiBox-root-14"
        >
          <span
            class="MuiTypography-root MuiTypography-subtitle2 MuiTypography-colorTextSecondary"
          >
            Draft saved on 
          </span>
        </div>
      </div>
      <div
        class="MuiPaper-root MuiBox-root MuiBox-root-20 MuiPaper-elevation1 MuiPaper-rounded"
      >
        <div
          class="MuiBox-root MuiBox-root-21 makeStyles-stepperContainer-19"
        >
          <div
            class="MuiBox-root MuiBox-root-22"
          >
            <div
              class="MuiPaper-root MuiStepper-root MuiStepper-vertical makeStyles-stepper-18 MuiPaper-elevation0"
            >
              <div
                class="MuiStep-root MuiStep-vertical"
              >
                <span
                  class="MuiStepLabel-root MuiStepLabel-vertical"
                >
                  <span
                    class="MuiStepLabel-iconContainer"
                  >
                    <svg
                      aria-hidden="true"
                      class="MuiSvgIcon-root MuiStepIcon-root MuiStepIcon-active"
                      focusable="false"
                      viewBox="0 0 24 24"
                    >
                      <circle
                        cx="12"
                        cy="12"
                        r="12"
                      />
                      <text
                        class="MuiStepIcon-text"
                        text-anchor="middle"
                        x="12"
                        y="16"
                      >
                        1
                      </text>
                    </svg>
                  </span>
                  <span
                    class="MuiStepLabel-labelContainer"
                  >
                    <span
                      class="MuiTypography-root MuiStepLabel-label MuiStepLabel-active MuiTypography-body2 MuiTypography-displayBlock"
                    >
                      <p
                        class="MuiTypography-root MuiTypography-body2"
                      >
                        Project Contact
                      </p>
                    </span>
                  </span>
                </span>
              </div>
              <div
                class="MuiStepConnector-root MuiStepConnector-vertical"
              >
                <span
                  class="MuiStepConnector-line MuiStepConnector-lineVertical"
                />
              </div>
              <div
                class="MuiStep-root MuiStep-vertical"
              >
                <span
                  class="MuiStepLabel-root MuiStepLabel-vertical"
                >
                  <span
                    class="MuiStepLabel-iconContainer"
                  >
                    <svg
                      aria-hidden="true"
                      class="MuiSvgIcon-root MuiStepIcon-root"
                      focusable="false"
                      viewBox="0 0 24 24"
                    >
                      <circle
                        cx="12"
                        cy="12"
                        r="12"
                      />
                      <text
                        class="MuiStepIcon-text"
                        text-anchor="middle"
                        x="12"
                        y="16"
                      >
                        2
                      </text>
                    </svg>
                  </span>
                  <span
                    class="MuiStepLabel-labelContainer"
                  >
                    <span
                      class="MuiTypography-root MuiStepLabel-label MuiTypography-body2 MuiTypography-displayBlock"
                    >
                      <p
                        class="MuiTypography-root MuiTypography-body2"
                      >
                        Project Permits
                      </p>
                    </span>
                  </span>
                </span>
              </div>
              <div
                class="MuiStepConnector-root MuiStepConnector-vertical"
              >
                <span
                  class="MuiStepConnector-line MuiStepConnector-lineVertical"
                />
              </div>
              <div
                class="MuiStep-root MuiStep-vertical"
              >
                <span
                  class="MuiStepLabel-root MuiStepLabel-vertical"
                >
                  <span
                    class="MuiStepLabel-iconContainer"
                  >
                    <svg
                      aria-hidden="true"
                      class="MuiSvgIcon-root MuiStepIcon-root"
                      focusable="false"
                      viewBox="0 0 24 24"
                    >
                      <circle
                        cx="12"
                        cy="12"
                        r="12"
                      />
                      <text
                        class="MuiStepIcon-text"
                        text-anchor="middle"
                        x="12"
                        y="16"
                      >
                        3
                      </text>
                    </svg>
                  </span>
                  <span
                    class="MuiStepLabel-labelContainer"
                  >
                    <span
                      class="MuiTypography-root MuiStepLabel-label MuiTypography-body2 MuiTypography-displayBlock"
                    >
                      <p
                        class="MuiTypography-root MuiTypography-body2"
                      >
                        General Information
                      </p>
                    </span>
                  </span>
                </span>
              </div>
              <div
                class="MuiStepConnector-root MuiStepConnector-vertical"
              >
                <span
                  class="MuiStepConnector-line MuiStepConnector-lineVertical"
                />
              </div>
              <div
                class="MuiStep-root MuiStep-vertical"
              >
                <span
                  class="MuiStepLabel-root MuiStepLabel-vertical"
                >
                  <span
                    class="MuiStepLabel-iconContainer"
                  >
                    <svg
                      aria-hidden="true"
                      class="MuiSvgIcon-root MuiStepIcon-root"
                      focusable="false"
                      viewBox="0 0 24 24"
                    >
                      <circle
                        cx="12"
                        cy="12"
                        r="12"
                      />
                      <text
                        class="MuiStepIcon-text"
                        text-anchor="middle"
                        x="12"
                        y="16"
                      >
                        4
                      </text>
                    </svg>
                  </span>
                  <span
                    class="MuiStepLabel-labelContainer"
                  >
                    <span
                      class="MuiTypography-root MuiStepLabel-label MuiTypography-body2 MuiTypography-displayBlock"
                    >
                      <p
                        class="MuiTypography-root MuiTypography-body2"
                      >
                        Objectives
                      </p>
                    </span>
                  </span>
                </span>
              </div>
              <div
                class="MuiStepConnector-root MuiStepConnector-vertical"
              >
                <span
                  class="MuiStepConnector-line MuiStepConnector-lineVertical"
                />
              </div>
              <div
                class="MuiStep-root MuiStep-vertical"
              >
                <span
                  class="MuiStepLabel-root MuiStepLabel-vertical"
                >
                  <span
                    class="MuiStepLabel-iconContainer"
                  >
                    <svg
                      aria-hidden="true"
                      class="MuiSvgIcon-root MuiStepIcon-root"
                      focusable="false"
                      viewBox="0 0 24 24"
                    >
                      <circle
                        cx="12"
                        cy="12"
                        r="12"
                      />
                      <text
                        class="MuiStepIcon-text"
                        text-anchor="middle"
                        x="12"
                        y="16"
                      >
                        5
                      </text>
                    </svg>
                  </span>
                  <span
                    class="MuiStepLabel-labelContainer"
                  >
                    <span
                      class="MuiTypography-root MuiStepLabel-label MuiTypography-body2 MuiTypography-displayBlock"
                    >
                      <p
                        class="MuiTypography-root MuiTypography-body2"
                      >
                        Locations
                      </p>
                    </span>
                  </span>
                </span>
              </div>
              <div
                class="MuiStepConnector-root MuiStepConnector-vertical"
              >
                <span
                  class="MuiStepConnector-line MuiStepConnector-lineVertical"
                />
              </div>
              <div
                class="MuiStep-root MuiStep-vertical"
              >
                <span
                  class="MuiStepLabel-root MuiStepLabel-vertical"
                >
                  <span
                    class="MuiStepLabel-iconContainer"
                  >
                    <svg
                      aria-hidden="true"
                      class="MuiSvgIcon-root MuiStepIcon-root"
                      focusable="false"
                      viewBox="0 0 24 24"
                    >
                      <circle
                        cx="12"
                        cy="12"
                        r="12"
                      />
                      <text
                        class="MuiStepIcon-text"
                        text-anchor="middle"
                        x="12"
                        y="16"
                      >
                        6
                      </text>
                    </svg>
                  </span>
                  <span
                    class="MuiStepLabel-labelContainer"
                  >
                    <span
                      class="MuiTypography-root MuiStepLabel-label MuiTypography-body2 MuiTypography-displayBlock"
                    >
                      <p
                        class="MuiTypography-root MuiTypography-body2"
                      >
                        IUCN Conservation Actions Classification
                      </p>
                    </span>
                  </span>
                </span>
              </div>
              <div
                class="MuiStepConnector-root MuiStepConnector-vertical"
              >
                <span
                  class="MuiStepConnector-line MuiStepConnector-lineVertical"
                />
              </div>
              <div
                class="MuiStep-root MuiStep-vertical"
              >
                <span
                  class="MuiStepLabel-root MuiStepLabel-vertical"
                >
                  <span
                    class="MuiStepLabel-iconContainer"
                  >
                    <svg
                      aria-hidden="true"
                      class="MuiSvgIcon-root MuiStepIcon-root"
                      focusable="false"
                      viewBox="0 0 24 24"
                    >
                      <circle
                        cx="12"
                        cy="12"
                        r="12"
                      />
                      <text
                        class="MuiStepIcon-text"
                        text-anchor="middle"
                        x="12"
                        y="16"
                      >
                        7
                      </text>
                    </svg>
                  </span>
                  <span
                    class="MuiStepLabel-labelContainer"
                  >
                    <span
                      class="MuiTypography-root MuiStepLabel-label MuiTypography-body2 MuiTypography-displayBlock"
                    >
                      <p
                        class="MuiTypography-root MuiTypography-body2"
                      >
                        Funding
                      </p>
                    </span>
                  </span>
                </span>
              </div>
              <div
                class="MuiStepConnector-root MuiStepConnector-vertical"
              >
                <span
                  class="MuiStepConnector-line MuiStepConnector-lineVertical"
                />
              </div>
              <div
                class="MuiStep-root MuiStep-vertical"
              >
                <span
                  class="MuiStepLabel-root MuiStepLabel-vertical"
                >
                  <span
                    class="MuiStepLabel-iconContainer"
                  >
                    <svg
                      aria-hidden="true"
                      class="MuiSvgIcon-root MuiStepIcon-root"
                      focusable="false"
                      viewBox="0 0 24 24"
                    >
                      <circle
                        cx="12"
                        cy="12"
                        r="12"
                      />
                      <text
                        class="MuiStepIcon-text"
                        text-anchor="middle"
                        x="12"
                        y="16"
                      >
                        8
                      </text>
                    </svg>
                  </span>
                  <span
                    class="MuiStepLabel-labelContainer"
                  >
                    <span
                      class="MuiTypography-root MuiStepLabel-label MuiTypography-body2 MuiTypography-displayBlock"
                    >
                      <p
                        class="MuiTypography-root MuiTypography-body2"
                      >
                        Partnerships
                      </p>
                    </span>
                  </span>
                </span>
              </div>
            </div>
          </div>
          <div
            class="MuiBox-root MuiBox-root-23"
          >
            <hr
              class="MuiDivider-root MuiDivider-vertical"
            />
          </div>
        </div>
        <div
          class="MuiBox-root MuiBox-root-24"
        >
          <div
            class="MuiBox-root MuiBox-root-25"
          >
            <div
              class="MuiBox-root MuiBox-root-26"
            >
              <h2
                class="MuiTypography-root makeStyles-stepTitle-16 MuiTypography-h2"
              >
                Project Contact
              </h2>
            </div>
            <p
              class="MuiTypography-root makeStyles-stepDescription-17 MuiTypography-body1 MuiTypography-colorTextSecondary"
            >
              Enter the contact information for the person directly responsible for the project. This information will be used as the primary contact should questions arise about this project.
            </p>
            <div
              class="MuiBox-root MuiBox-root-27"
            >
              <div
                class="MuiBox-root MuiBox-root-28"
              >
                <form>
                  <div
                    class="MuiGrid-root MuiGrid-container MuiGrid-spacing-xs-3"
                  >
                    <div
                      class="MuiGrid-root MuiGrid-item MuiGrid-grid-xs-12 MuiGrid-grid-md-6"
                    >
                      <div
                        class="MuiFormControl-root MuiTextField-root MuiFormControl-fullWidth"
                      >
                        <label
                          class="MuiFormLabel-root MuiInputLabel-root MuiInputLabel-formControl MuiInputLabel-animated MuiInputLabel-outlined Mui-required Mui-required"
                          data-shrink="false"
                          for="first_name"
                          id="first_name-label"
                        >
                          First Name
                          <span
                            aria-hidden="true"
                            class="MuiFormLabel-asterisk MuiInputLabel-asterisk"
                          >
                             *
                          </span>
                        </label>
                        <div
                          class="MuiInputBase-root MuiOutlinedInput-root MuiInputBase-fullWidth MuiInputBase-formControl"
                        >
                          <input
                            aria-invalid="false"
                            class="MuiInputBase-input MuiOutlinedInput-input"
                            id="first_name"
                            name="first_name"
                            required=""
                            type="text"
                            value=""
                          />
                          <fieldset
                            aria-hidden="true"
                            class="PrivateNotchedOutline-root-30 MuiOutlinedInput-notchedOutline"
                          >
                            <legend
                              class="PrivateNotchedOutline-legendLabelled-32"
                            >
                              <span>
                                First Name *
                              </span>
                            </legend>
                          </fieldset>
                        </div>
                      </div>
                    </div>
                    <div
                      class="MuiGrid-root MuiGrid-item MuiGrid-grid-xs-12 MuiGrid-grid-md-6"
                    >
                      <div
                        class="MuiFormControl-root MuiTextField-root MuiFormControl-fullWidth"
                      >
                        <label
                          class="MuiFormLabel-root MuiInputLabel-root MuiInputLabel-formControl MuiInputLabel-animated MuiInputLabel-outlined Mui-required Mui-required"
                          data-shrink="false"
                          for="last_name"
                          id="last_name-label"
                        >
                          Last Name
                          <span
                            aria-hidden="true"
                            class="MuiFormLabel-asterisk MuiInputLabel-asterisk"
                          >
                             *
                          </span>
                        </label>
                        <div
                          class="MuiInputBase-root MuiOutlinedInput-root MuiInputBase-fullWidth MuiInputBase-formControl"
                        >
                          <input
                            aria-invalid="false"
                            class="MuiInputBase-input MuiOutlinedInput-input"
                            id="last_name"
                            name="last_name"
                            required=""
                            type="text"
                            value=""
                          />
                          <fieldset
                            aria-hidden="true"
                            class="PrivateNotchedOutline-root-30 MuiOutlinedInput-notchedOutline"
                          >
                            <legend
                              class="PrivateNotchedOutline-legendLabelled-32"
                            >
                              <span>
                                Last Name *
                              </span>
                            </legend>
                          </fieldset>
                        </div>
                      </div>
                    </div>
                    <div
                      class="MuiGrid-root MuiGrid-item MuiGrid-grid-xs-12"
                    >
                      <div
                        class="MuiFormControl-root MuiTextField-root MuiFormControl-fullWidth"
                      >
                        <label
                          class="MuiFormLabel-root MuiInputLabel-root MuiInputLabel-formControl MuiInputLabel-animated MuiInputLabel-outlined Mui-required Mui-required"
                          data-shrink="false"
                          for="email_address"
                          id="email_address-label"
                        >
                          Business Email Address
                          <span
                            aria-hidden="true"
                            class="MuiFormLabel-asterisk MuiInputLabel-asterisk"
                          >
                             *
                          </span>
                        </label>
                        <div
                          class="MuiInputBase-root MuiOutlinedInput-root MuiInputBase-fullWidth MuiInputBase-formControl"
                        >
                          <input
                            aria-invalid="false"
                            class="MuiInputBase-input MuiOutlinedInput-input"
                            id="email_address"
                            name="email_address"
                            required=""
                            type="text"
                            value=""
                          />
                          <fieldset
                            aria-hidden="true"
                            class="PrivateNotchedOutline-root-30 MuiOutlinedInput-notchedOutline"
                          >
                            <legend
                              class="PrivateNotchedOutline-legendLabelled-32"
                            >
                              <span>
                                Business Email Address *
                              </span>
                            </legend>
                          </fieldset>
                        </div>
                      </div>
                    </div>
                    <div
                      class="MuiGrid-root MuiGrid-item MuiGrid-grid-xs-12"
                    >
                      <div
                        aria-expanded="false"
                        class="MuiAutocomplete-root MuiAutocomplete-hasClearIcon"
                        data-testid="coordinator_agency"
                        role="combobox"
                      >
                        <div
                          class="MuiFormControl-root MuiTextField-root MuiFormControl-fullWidth"
                        >
                          <label
                            class="MuiFormLabel-root MuiInputLabel-root MuiInputLabel-formControl MuiInputLabel-animated MuiInputLabel-outlined Mui-required Mui-required"
                            data-shrink="false"
                            for="coordinator_agency"
                            id="coordinator_agency-label"
                          >
                            Contact Agency
                            <span
                              aria-hidden="true"
                              class="MuiFormLabel-asterisk MuiInputLabel-asterisk"
                            >
                               *
                            </span>
                          </label>
                          <div
                            class="MuiInputBase-root MuiOutlinedInput-root MuiAutocomplete-inputRoot MuiInputBase-fullWidth MuiInputBase-formControl MuiInputBase-adornedEnd MuiOutlinedInput-adornedEnd"
                          >
                            <input
                              aria-autocomplete="list"
                              aria-invalid="false"
                              autocapitalize="none"
                              autocomplete="off"
                              class="MuiInputBase-input MuiOutlinedInput-input MuiAutocomplete-input MuiAutocomplete-inputFocused MuiInputBase-inputAdornedEnd MuiOutlinedInput-inputAdornedEnd"
                              id="coordinator_agency"
                              required=""
                              spellcheck="false"
                              type="text"
                              value=""
                            />
                            <div
                              class="MuiAutocomplete-endAdornment"
                            >
                              <button
                                aria-label="Clear"
                                class="MuiButtonBase-root MuiIconButton-root MuiAutocomplete-clearIndicator MuiAutocomplete-clearIndicatorDirty"
                                tabindex="-1"
                                title="Clear"
                                type="button"
                              >
                                <span
                                  class="MuiIconButton-label"
                                >
                                  <svg
                                    aria-hidden="true"
                                    class="MuiSvgIcon-root MuiSvgIcon-fontSizeSmall"
                                    focusable="false"
                                    viewBox="0 0 24 24"
                                  >
                                    <path
                                      d="M19 6.41L17.59 5 12 10.59 6.41 5 5 6.41 10.59 12 5 17.59 6.41 19 12 13.41 17.59 19 19 17.59 13.41 12z"
                                    />
                                  </svg>
                                </span>
                                <span
                                  class="MuiTouchRipple-root"
                                />
                              </button>
                            </div>
                            <fieldset
                              aria-hidden="true"
                              class="PrivateNotchedOutline-root-30 MuiOutlinedInput-notchedOutline"
                            >
                              <legend
                                class="PrivateNotchedOutline-legendLabelled-32"
                              >
                                <span>
                                  Contact Agency *
                                </span>
                              </legend>
                            </fieldset>
                          </div>
                        </div>
                      </div>
                    </div>
                  </div>
                  <div
                    class="MuiBox-root MuiBox-root-34"
                  >
                    <fieldset
                      class="MuiFormControl-root"
                    >
                      <legend
                        class="MuiBox-root MuiBox-root-35 makeStyles-legend-29"
                      >
                        Share Contact Details
                      </legend>
                      <p
                        class="MuiTypography-root MuiTypography-body1 MuiTypography-colorTextSecondary"
                      >
                        Do you want the project contact’s name and email address visible to the public?
                      </p>
                      <div
                        class="MuiBox-root MuiBox-root-36"
                      >
                        <div
                          aria-label="Share Contact Details"
                          class="MuiFormGroup-root"
                          role="radiogroup"
                        >
                          <label
                            class="MuiFormControlLabel-root"
                          >
                            <span
                              aria-disabled="false"
                              class="MuiButtonBase-root MuiIconButton-root PrivateSwitchBase-root-37 MuiRadio-root MuiRadio-colorPrimary PrivateSwitchBase-checked-38 Mui-checked MuiIconButton-colorPrimary"
                            >
                              <span
                                class="MuiIconButton-label"
                              >
                                <input
                                  checked=""
                                  class="PrivateSwitchBase-input-40"
                                  name="share_contact_details"
                                  required=""
                                  type="radio"
                                  value="false"
                                />
                                <div
                                  class="PrivateRadioButtonIcon-root-41 PrivateRadioButtonIcon-checked-43"
                                >
                                  <svg
                                    aria-hidden="true"
                                    class="MuiSvgIcon-root MuiSvgIcon-fontSizeSmall"
                                    focusable="false"
                                    viewBox="0 0 24 24"
                                  >
                                    <path
                                      d="M12 2C6.48 2 2 6.48 2 12s4.48 10 10 10 10-4.48 10-10S17.52 2 12 2zm0 18c-4.42 0-8-3.58-8-8s3.58-8 8-8 8 3.58 8 8-3.58 8-8 8z"
                                    />
                                  </svg>
                                  <svg
                                    aria-hidden="true"
                                    class="MuiSvgIcon-root PrivateRadioButtonIcon-layer-42 MuiSvgIcon-fontSizeSmall"
                                    focusable="false"
                                    viewBox="0 0 24 24"
                                  >
                                    <path
                                      d="M8.465 8.465C9.37 7.56 10.62 7 12 7C14.76 7 17 9.24 17 12C17 13.38 16.44 14.63 15.535 15.535C14.63 16.44 13.38 17 12 17C9.24 17 7 14.76 7 12C7 10.62 7.56 9.37 8.465 8.465Z"
                                    />
                                  </svg>
                                </div>
                              </span>
                              <span
                                class="MuiTouchRipple-root"
                              />
                            </span>
                            <span
                              class="MuiTypography-root MuiFormControlLabel-label MuiTypography-body1"
                            >
                              No
                            </span>
                          </label>
                          <label
                            class="MuiFormControlLabel-root"
                          >
                            <span
                              aria-disabled="false"
                              class="MuiButtonBase-root MuiIconButton-root PrivateSwitchBase-root-37 MuiRadio-root MuiRadio-colorPrimary MuiIconButton-colorPrimary"
                            >
                              <span
                                class="MuiIconButton-label"
                              >
                                <input
                                  class="PrivateSwitchBase-input-40"
                                  name="share_contact_details"
                                  required=""
                                  type="radio"
                                  value="true"
                                />
                                <div
                                  class="PrivateRadioButtonIcon-root-41"
                                >
                                  <svg
                                    aria-hidden="true"
                                    class="MuiSvgIcon-root MuiSvgIcon-fontSizeSmall"
                                    focusable="false"
                                    viewBox="0 0 24 24"
                                  >
                                    <path
                                      d="M12 2C6.48 2 2 6.48 2 12s4.48 10 10 10 10-4.48 10-10S17.52 2 12 2zm0 18c-4.42 0-8-3.58-8-8s3.58-8 8-8 8 3.58 8 8-3.58 8-8 8z"
                                    />
                                  </svg>
                                  <svg
                                    aria-hidden="true"
                                    class="MuiSvgIcon-root PrivateRadioButtonIcon-layer-42 MuiSvgIcon-fontSizeSmall"
                                    focusable="false"
                                    viewBox="0 0 24 24"
                                  >
                                    <path
                                      d="M8.465 8.465C9.37 7.56 10.62 7 12 7C14.76 7 17 9.24 17 12C17 13.38 16.44 14.63 15.535 15.535C14.63 16.44 13.38 17 12 17C9.24 17 7 14.76 7 12C7 10.62 7.56 9.37 8.465 8.465Z"
                                    />
                                  </svg>
                                </div>
                              </span>
                              <span
                                class="MuiTouchRipple-root"
                              />
                            </span>
                            <span
                              class="MuiTypography-root MuiFormControlLabel-label MuiTypography-body1"
                            >
                              Yes
                            </span>
                          </label>
                          <p
                            class="MuiFormHelperText-root Mui-required"
                          />
                        </div>
                      </div>
                    </fieldset>
                  </div>
                </form>
              </div>
            </div>
          </div>
          <div
            class="MuiBox-root MuiBox-root-44"
          >
            <hr
              class="MuiDivider-root"
            />
          </div>
          <div
            class="MuiBox-root MuiBox-root-45"
          >
            <div
              class="MuiBox-root MuiBox-root-46"
            />
            <div
              class="MuiBox-root MuiBox-root-47"
            >
              <button
                class="MuiButtonBase-root MuiButton-root MuiButton-contained makeStyles-actionButton-15 MuiButton-containedPrimary"
                data-testid="stepper_next"
                tabindex="0"
                type="submit"
              >
                <span
                  class="MuiButton-label"
                >
                  Next
                  <span
                    class="MuiButton-endIcon MuiButton-iconSizeMedium"
                  >
                    <svg
                      aria-hidden="true"
                      class="MuiSvgIcon-root MuiSvgIcon-fontSizeSmall"
                      focusable="false"
                      viewBox="0 0 24 24"
                    >
                      <path
                        d="M12 4l-1.41 1.41L16.17 11H4v2h12.17l-5.58 5.59L12 20l8-8z"
                      />
                    </svg>
                  </span>
                </span>
                <span
                  class="MuiTouchRipple-root"
                />
              </button>
              <button
                class="MuiButtonBase-root MuiButton-root MuiButton-contained makeStyles-actionButton-15 MuiButton-containedPrimary"
                data-testid="stepper_submit"
                tabindex="0"
                type="submit"
              >
                <span
                  class="MuiButton-label"
                >
                  Create project and Exit
                </span>
                <span
                  class="MuiTouchRipple-root"
                />
              </button>
              <button
                class="MuiButtonBase-root MuiButton-root MuiButton-outlined makeStyles-actionButton-15 MuiButton-outlinedPrimary"
                data-testid="stepper_cancel"
                tabindex="0"
                type="button"
              >
                <span
                  class="MuiButton-label"
                >
                  Cancel
                </span>
                <span
                  class="MuiTouchRipple-root"
                />
              </button>
            </div>
          </div>
        </div>
      </div>
    </div>
  </div>
  ,
</DocumentFragment>
`;
