// Jest Snapshot v1, https://goo.gl/fbAQLP

exports[`AccessRequestPage renders correctly 1`] = `
<DocumentFragment>
  <div
    class="MuiBox-root MuiBox-root-2"
  >
    <div
      class="MuiContainer-root MuiContainer-maxWidthMd"
    >
      <div
        class="MuiPaper-root MuiBox-root MuiBox-root-3 MuiPaper-elevation1 MuiPaper-rounded"
      >
        <h1
          class="MuiTypography-root MuiTypography-h1"
        >
          Request Access
        </h1>
        <div
          class="MuiBox-root MuiBox-root-4"
        >
          <p
            class="MuiTypography-root MuiTypography-body1 MuiTypography-colorTextSecondary"
          >
            You will need to provide some additional details before accessing this application.
          </p>
        </div>
        <div
          class="MuiBox-root MuiBox-root-5"
        >
          <form>
            <div
              class="MuiBox-root MuiBox-root-6"
            >
              <div
                class="MuiGrid-root MuiGrid-container MuiGrid-spacing-xs-3"
              >
                <div
                  class="MuiGrid-root MuiGrid-item MuiGrid-grid-xs-12"
                >
                  <h3
                    class="MuiTypography-root MuiTypography-h3"
                  >
                    What role do you want to be assigned?
                  </h3>
                  <div
                    class="MuiBox-root MuiBox-root-7"
                  >
                    <div
                      class="MuiFormControl-root MuiFormControl-fullWidth"
                      style="width: 100%;"
                    >
                      <label
                        class="MuiFormLabel-root MuiInputLabel-root MuiInputLabel-formControl MuiInputLabel-animated MuiInputLabel-outlined Mui-required Mui-required"
                        data-shrink="false"
                        id="role-label"
                      >
                        Role
                        <span
                          aria-hidden="true"
                          class="MuiFormLabel-asterisk MuiInputLabel-asterisk"
                        >
                           *
                        </span>
                      </label>
                      <div
                        class="MuiInputBase-root MuiOutlinedInput-root MuiInputBase-formControl"
                      >
                        <div
                          aria-haspopup="listbox"
                          aria-label="Role"
                          aria-labelledby="role-label role"
                          class="MuiSelect-root MuiSelect-select MuiSelect-selectMenu MuiSelect-outlined MuiInputBase-input MuiOutlinedInput-input"
                          id="role"
                          role="button"
                          tabindex="0"
                        >
                          <span>
                            ​
                          </span>
                        </div>
                        <input
                          aria-hidden="true"
                          class="MuiSelect-nativeInput"
                          name="role"
                          required=""
                          tabindex="-1"
                          value=""
                        />
                        <svg
                          aria-hidden="true"
                          class="MuiSvgIcon-root MuiSelect-icon MuiSelect-iconOutlined"
                          focusable="false"
                          viewBox="0 0 24 24"
                        >
                          <path
                            d="M7 10l5 5 5-5z"
                          />
                        </svg>
                        <fieldset
                          aria-hidden="true"
                          class="PrivateNotchedOutline-root-8 MuiOutlinedInput-notchedOutline"
                        >
                          <legend
                            class="PrivateNotchedOutline-legendLabelled-10"
                          >
                            <span>
                              Role
                            </span>
                          </legend>
                        </fieldset>
                      </div>
                      <p
                        class="MuiFormHelperText-root MuiFormHelperText-contained Mui-required"
                      />
                    </div>
                  </div>
                </div>
              </div>
              <div
                class="MuiBox-root MuiBox-root-12"
              >
                <h3
                  class="MuiTypography-root MuiTypography-h3"
                >
                  Reason for your request
                </h3>
                <div
                  class="MuiBox-root MuiBox-root-13"
                >
                  <div
                    class="MuiFormControl-root MuiTextField-root MuiFormControl-fullWidth"
                  >
                    <label
                      class="MuiFormLabel-root MuiInputLabel-root MuiInputLabel-formControl MuiInputLabel-animated MuiInputLabel-outlined"
                      data-shrink="false"
                      for="Reason"
                      id="Reason-label"
                    >
                      Reason
                    </label>
                    <div
                      class="MuiInputBase-root MuiOutlinedInput-root MuiInputBase-fullWidth MuiInputBase-formControl MuiInputBase-multiline MuiOutlinedInput-multiline"
                    >
                      <textarea
                        aria-invalid="false"
                        class="MuiInputBase-input MuiOutlinedInput-input MuiInputBase-inputMultiline MuiOutlinedInput-inputMultiline"
                        id="Reason"
                        name="Reason"
                        rows="4"
                      />
                      <fieldset
                        aria-hidden="true"
                        class="PrivateNotchedOutline-root-8 MuiOutlinedInput-notchedOutline"
                      >
                        <legend
                          class="PrivateNotchedOutline-legendLabelled-10"
                        >
                          <span>
                            Reason
                          </span>
                        </legend>
                      </fieldset>
                    </div>
                  </div>
                </div>
              </div>
            </div>
            <div
              class="MuiBox-root MuiBox-root-14"
            >
              <div
                class="MuiBox-root MuiBox-root-15 buttonWrapper"
              >
                <button
                  class="MuiButtonBase-root MuiButton-root MuiButton-contained makeStyles-actionButton-1 MuiButton-containedPrimary"
                  tabindex="0"
                  type="submit"
                >
                  <span
                    class="MuiButton-label"
                  >
                    <strong>
                      Submit Request
                    </strong>
                  </span>
                  <span
                    class="MuiTouchRipple-root"
                  />
                </button>
              </div>
              <button
                class="MuiButtonBase-root MuiButton-root MuiButton-outlined makeStyles-actionButton-1 MuiButton-outlinedPrimary"
                data-testid="logout-button"
                tabindex="0"
                type="button"
              >
                <span
                  class="MuiButton-label"
                >
                  Log out
                </span>
                <span
                  class="MuiTouchRipple-root"
                />
              </button>
            </div>
          </form>
        </div>
      </div>
    </div>
  </div>
</DocumentFragment>
`;
